                            SSID BSSID             RSSI CHANNEL HT CC SECURITY (auth/unicast/group)
                        tvstream 12:34:56:78:dd:33 -87  116,+1  Y  -- WPA2(PSK/AES/AES)
                    Test wifi AB cb:de:23:54:61:ac -85  116,+1  Y  DE NONE
                        tvstream 12:34:56:78:d9:33 -86  60,+1   Y  -- WPA2(PSK/AES/AES)
                            ABCD 12:34:56:78:d9:32 -84  60,+1   Y  -- WPA2(PSK/AES/AES)
                          guesty 12:34:56:78:d9:31 -87  60,+1   Y  -- WPA2(PSK/AES/AES)
                         bonesys 12:34:56:78:d9:30 -86  60,+1   Y  -- WPA2(PSK/AES/AES)
                          AB-CDE 93:d4:a2:56:6d:ba -75  56      N  GB WPA2(802.1x/AES/AES)
                          DEF-GH 93:d4:a2:56:6d:b6 -75  56      N  GB WPA2(802.1x/AES/AES)
                         TMPGEST 93:d4:a2:56:6d:bb -75  56      N  GB WPA2(PSK/AES/AES)
                              XY 93:d4:a2:56:6d:bf -75  56      Y  GB WPA2(802.1x/AES/AES)
                             A12 93:d4:a2:56:6d:be -75  56      Y  GB WPA2(PSK/AES/AES)
                          AB-CDE 12:45:78:2f:90:35 0    6       Y  GB WPA2(802.1x/AES/AES)
                             A12 12:45:78:2f:90:31 0    6       Y  GB WPA2(PSK/AES/AES)
                          DEF-GH 12:45:78:2f:90:39 0    6       Y  GB WPA2(802.1x/AES/AES)
                         TMPGEST 12:45:78:2f:90:34 0    6       Y  GB WPA2(PSK/AES/AES)
                              XY 12:45:78:2f:90:30 0    6       Y  GB WPA2(802.1x/AES/AES)
                          DEF-GH 12:45:78:2f:e4:89 0    1       Y  GB WPA2(802.1x/AES/AES)
                          DEF-GH 12:45:78:2f:17:a9 0    1       Y  GB WPA2(802.1x/AES/AES)
                          DEF-GH 93:d4:a2:56:6d:b9 -71  1       N  GB WPA2(802.1x/AES/AES)
                          AB-CDE 78:ba:f9:af:e5:9a -82  48      Y  GB WPA2(802.1x/AES/AES)
                             A12 78:ba:f9:af:e5:9e -83  48      Y  GB WPA2(PSK/AES/AES)
                          DEF-GH 78:ba:f9:af:e5:96 -83  48      Y  GB WPA2(802.1x/AES/AES)
                         TMPGEST 78:ba:f9:af:e5:9b -82  48      Y  GB WPA2(PSK/AES/AES)
                              XY 78:ba:f9:af:e5:9f -79  48      Y  GB WPA2(802.1x/AES/AES)
                          AB-CDE 12:45:78:2f:17:aa -54  44      Y  GB WPA2(802.1x/AES/AES)
                             A12 12:45:78:2f:17:ae -54  44      Y  GB WPA2(PSK/AES/AES)
                          DEF-GH 12:45:78:2f:17:a6 -54  44      Y  GB WPA2(802.1x/AES/AES)
                         TMPGEST 12:45:78:2f:17:ab -54  44      Y  GB WPA2(PSK/AES/AES)
                              XY 12:45:78:2f:17:af -54  44      Y  GB WPA2(802.1x/AES/AES)
                          AB-CDE 12:45:78:50:97:7a -67  40      Y  GB WPA2(802.1x/AES/AES)
                          DEF-GH 12:45:78:50:97:76 -67  40      Y  GB WPA2(802.1x/AES/AES)
                             A12 12:45:78:2f:e4:8e -79  40      Y  GB WPA2(PSK/AES/AES)
                         TMPGEST 12:45:78:50:97:7b -67  40      Y  GB WPA2(PSK/AES/AES)
                          DEF-GH 12:45:78:2f:e4:86 -79  40      Y  GB WPA2(802.1x/AES/AES)
                             A12 12:45:78:50:97:7e -67  40      Y  GB WPA2(PSK/AES/AES)
                              XY 12:45:78:50:97:7f -67  40      Y  GB WPA2(802.1x/AES/AES)
                          AB-CDE 12:45:78:50:1a:aa -50  132     Y  GB WPA2(802.1x/AES/AES)
                             A12 12:45:78:50:1a:ae -50  132     Y  GB WPA2(PSK/AES/AES)
                          DEF-GH 12:45:78:50:1a:a6 -50  132     Y  GB WPA2(802.1x/AES/AES)
                         TMPGEST 12:45:78:50:1a:ab -50  132     Y  GB WPA2(PSK/AES/AES)
                              XY 12:45:78:50:1a:af -50  132     Y  GB WPA2(802.1x/AES/AES)
